grok-copilot.ts(2,111): error TS2305: Module '"@solana/spl-token"' has no exported member 'getTokenAccountBalance'.
grok-copilot.ts(3,35): error TS2724: '"@metaplex-foundation/mpl-token-metadata"' has no exported member named 'updateMetadataAccountV3'. Did you mean 'updateMetadataAccountV2'?
grok-copilot.ts(185,78): error TS18046: 'e' is of type 'unknown'.
grok-copilot.ts(210,5): error TS2345: Argument of type 'PublicKey' is not assignable to parameter of type 'TransactionInstruction | Transaction | TransactionInstructionCtorFields'.
grok-copilot.ts(223,54): error TS2345: Argument of type 'PublicKey' is not assignable to parameter of type 'string'.
grok-copilot.ts(266,10): error TS2339: Property 'instruction' does not exist on type 'Account'.
grok-copilot.ts(271,5): error TS2345: Argument of type 'string' is not assignable to parameter of type 'TransactionInstruction | Transaction | TransactionInstructionCtorFields'.
grok-copilot.ts(285,54): error TS2345: Argument of type 'PublicKey' is not assignable to parameter of type 'string'.
grok-copilot.ts(328,7): error TS2554: Expected 2 arguments, but got 1.
grok-copilot.ts(328,7): error TS2345: Argument of type 'TransactionBuilder' is not assignable to parameter of type 'TransactionInstruction | Transaction | TransactionInstructionCtorFields'.
  Type 'TransactionBuilder' is missing the following properties from type 'Transaction': signatures, signature, instructions, compileMessage, and 8 more.
grok-copilot.ts(348,54): error TS2345: Argument of type 'PublicKey' is not assignable to parameter of type 'string'.
grok-copilot.ts(373,53): error TS2339: Property 'mintAuthority' does not exist on type 'TokenAmount'.
grok-copilot.ts(373,80): error TS2339: Property 'freezeAuthority' does not exist on type 'TokenAmount'.
grok-copilot.ts(379,11): error TS2345: Argument of type 'string' is not assignable to parameter of type 'TransactionInstruction | Transaction | TransactionInstructionCtorFields'.
grok-copilot.ts(397,56): error TS2345: Argument of type 'PublicKey' is not assignable to parameter of type 'string'.
grok-copilot.ts(453,56): error TS18046: 'e' is of type 'unknown'.
grok-copilot.ts(492,48): error TS18046: 'e' is of type 'unknown'.
grok-copilot.ts(528,45): error TS18046: 'e' is of type 'unknown'.
src/setMetadata.ts(1,27): error TS2307: Cannot find module '@metaplex-foundation/umi-bundle-defaults' or its corresponding type declarations.
src/setMetadata.ts(29,9): error TS2451: Cannot redeclare block-scoped variable 'mintKeypairJson'.
src/setMetadata.ts(30,9): error TS2451: Cannot redeclare block-scoped variable 'mintKeypair'.
src/setMetadata.ts(31,9): error TS2451: Cannot redeclare block-scoped variable 'mintKeypairJson'.
src/setMetadata.ts(33,9): error TS2451: Cannot redeclare block-scoped variable 'mintKeypair'.
src/setMetadata.ts(37,9): error TS2451: Cannot redeclare block-scoped variable 'metadataAccount'.
src/setMetadata.ts(40,9): error TS2451: Cannot redeclare block-scoped variable 'metadataAccount'.
src/setMetadata.ts(45,7): error TS2322: Type 'PublicKey' is not assignable to type 'PublicKey | Pda'.
  Type 'PublicKey' is not assignable to type 'Pda'.
    Type 'PublicKey' is not assignable to type '[PublicKey<string>, number]'.
src/setMetadata.ts(58,44): error TS2345: Argument of type '{ mint: any; mintAuthority: any; payer: any; updateAuthority: any; data: { name: string; symbol: string; uri: string; sellerFeeBasisPoints: number; creators: null; collection: null; uses: null; }; isMutable: true; }' is not assignable to parameter of type 'CreateMetadataAccountV3InstructionAccounts & CreateMetadataAccountV3InstructionDataArgs'.
  Property 'collectionDetails' is missing in type '{ mint: any; mintAuthority: any; payer: any; updateAuthority: any; data: { name: string; symbol: string; uri: string; sellerFeeBasisPoints: number; creators: null; collection: null; uses: null; }; isMutable: true; }' but required in type 'CreateMetadataAccountV3InstructionDataArgs'.
src/setMetadata.ts(86,1): error TS2552: Cannot find name 'setMetadata'. Did you mean 'METADATA'?
src/setMetadata.ts(86,22): error TS7006: Parameter 'e' implicitly has an 'any' type.
